../Core/Src/bmx055.c:17:5:checkBMX055	16	static
../Core/Src/bmx055.c:91:6:trimBMX055	16	static
../Core/Src/bmx055.c:113:6:selfTestBMX055	32	static
../Core/Src/bmx055.c:162:6:initBMX055	8	static
../Core/Src/bmx055.c:208:7:getBMX055resGyro	4	static
../Core/Src/bmx055.c:227:7:getBMX055resAccel	4	static
../Core/Src/bmx055.c:245:7:getBMX055resMag	4	static
../Core/Src/bmx055.c:250:5:readBMX055DataAccel	32	static
../Core/Src/bmx055.c:266:5:readBMX055DataGyro	24	static
../Core/Src/bmx055.c:281:5:readBMX055DataMag	40	static
../Core/Src/bmx055.c:329:9:compensate_BMX055_X	24	static
../Core/Src/bmx055.c:368:9:compensate_BMX055_Y	24	static
../Core/Src/bmx055.c:407:9:compensate_BMX055_Z	24	static
