../Drivers/CMSIS/Include/core_cm4.h:2064:26:ITM_SendChar	16	static,ignoring_inline_asm
../Core/Src/main.c:106:5:main	152	static
../Core/Src/main.c:237:6:SystemClock_Config	96	static
../Core/Src/main.c:284:13:MX_ADC1_Init	48	static
../Core/Src/main.c:350:13:MX_I2C1_Init	8	static
../Core/Src/main.c:398:13:MX_SPI1_Init	8	static
../Core/Src/main.c:438:13:MX_TIM3_Init	40	static
../Core/Src/main.c:483:13:MX_GPIO_Init	40	static
../Core/Src/main.c:514:5:_write	32	static
../Core/Src/main.c:522:8:getRawAltitude	40	static
../Core/Src/main.c:540:6:Error_Handler	4	static,ignoring_inline_asm
