../Drivers/CMSIS/Include/core_cm4.h:2064:26:ITM_SendChar	16	static,ignoring_inline_asm
../Core/Src/main.c:107:5:main	160	static
../Core/Src/main.c:241:6:SystemClock_Config	96	static
../Core/Src/main.c:288:13:MX_ADC1_Init	48	static
../Core/Src/main.c:354:13:MX_I2C1_Init	8	static
../Core/Src/main.c:402:13:MX_SPI1_Init	8	static
../Core/Src/main.c:442:13:MX_TIM3_Init	40	static
../Core/Src/main.c:487:13:MX_GPIO_Init	40	static
../Core/Src/main.c:518:5:_write	32	static
../Core/Src/main.c:526:8:getRawAltitude	40	static
../Core/Src/main.c:544:6:Error_Handler	4	static,ignoring_inline_asm
