../Drivers/CMSIS/Include/core_cm4.h:2064:26:ITM_SendChar	16	static,ignoring_inline_asm
../Core/Src/main.c:124:5:main	40	static
../Core/Src/main.c:254:6:SystemClock_Config	96	static
../Core/Src/main.c:300:13:MX_I2C1_Init	8	static
../Core/Src/main.c:348:13:MX_TIM2_Init	64	static
../Core/Src/main.c:407:13:MX_TIM3_Init	40	static
../Core/Src/main.c:452:13:MX_GPIO_Init	40	static
../Core/Src/main.c:485:5:_write	32	static
../Core/Src/main.c:496:6:servoWrite	24	static
../Core/Src/main.c:508:6:servoTest	32	static
../Core/Src/main.c:520:5:isLaunched	24	static
../Core/Src/main.c:536:5:isTopReached	40	static
../Core/Src/main.c:546:6:initializeFpStateArray	24	static
../Core/Src/main.c:554:6:initializeAltitudeArray	24	static
../Core/Src/main.c:560:8:getRawAltitude	40	static
../Core/Src/main.c:568:8:getFilteredAltitude	32	static
../Core/Src/main.c:581:8:calcMedian	64	static
../Core/Src/main.c:626:6:indicateMode	16	static
../Core/Src/main.c:645:6:Error_Handler	4	static,ignoring_inline_asm
