../Core/Src/bmp180.c:46:9:bmpRead8	32	static
../Core/Src/bmp180.c:52:10:bmpRead16	32	static
../Core/Src/bmp180.c:60:6:bmpWrite8	32	static
../Core/Src/bmp180.c:66:9:bmpBegin	16	static
../Core/Src/bmp180.c:88:9:computeB5	24	static
../Core/Src/bmp180.c:93:10:readBMPRawTemperature	8	static
../Core/Src/bmp180.c:98:10:readBMPRawPressure	16	static
../Core/Src/bmp180.c:115:7:readBMPTemperature	24	static
../Core/Src/bmp180.c:124:9:readBMPPressure	56	static
../Core/Src/bmp180.c:153:8:calculateAltitude	40	static
