../Drivers/CMSIS/Include/core_cm4.h:2064:26:ITM_SendChar	16	static,ignoring_inline_asm
../Core/Src/main.c:102:5:main	152	static
../Core/Src/main.c:225:6:SystemClock_Config	96	static
../Core/Src/main.c:271:13:MX_I2C1_Init	8	static
../Core/Src/main.c:319:13:MX_SPI1_Init	8	static
../Core/Src/main.c:359:13:MX_TIM3_Init	40	static
../Core/Src/main.c:404:13:MX_GPIO_Init	40	static
../Core/Src/main.c:445:5:_write	32	static
../Core/Src/main.c:453:8:getRawAltitude	40	static
../Core/Src/main.c:471:6:Error_Handler	4	static,ignoring_inline_asm
